<p>Lorem ipsum dolor sit amet, <img class="emoji" draggable="false" alt="😭" src="https://cdn.jsdelivr.net/gh/jdecked/twemoji@16.0.1/assets/72x72/1f62d.png"> consectetur adipiscing elit. Vivamus iaculis eleifend ligula non blandit. <img class="emoji" draggable="false" alt="🇮🇸" src="https://cdn.jsdelivr.net/gh/jdecked/twemoji@16.0.1/assets/72x72/1f1ee-1f1f8.png"> Quisque ac ultrices elit. In iaculis mollis sagittis. <img class="emoji" draggable="false" alt="👨🏽‍🍼" src="https://cdn.jsdelivr.net/gh/jdecked/twemoji@16.0.1/assets/72x72/1f468-1f3fd-200d-1f37c.png">Mauris a sapien blandit tortor porttitor scelerisque. <img class="emoji" draggable="false" alt="🏳️‍🌈" src="https://cdn.jsdelivr.net/gh/jdecked/twemoji@16.0.1/assets/72x72/1f3f3-fe0f-200d-1f308.png"> Donec molestie sapien orci, quis rutrum ante semper in. <img class="emoji" draggable="false" alt="👩‍🚀" src="https://cdn.jsdelivr.net/gh/jdecked/twemoji@16.0.1/assets/72x72/1f469-200d-1f680.png"> Morbi bibendum elit vitae eros varius, sit amet tempus risus gravida. <img class="emoji" draggable="false" alt="❤️‍🔥" src="https://cdn.jsdelivr.net/gh/jdecked/twemoji@16.0.1/assets/72x72/2764-fe0f-200d-1f525.png"> Phasellus non convallis nisi, non porta eros. Nullam suscipit vel erat non eleifend.</p>