<p>Lorem ipsum dolor sit amet, <img class="twemoji" draggable="false" alt="😭" src="/twemoji/1f62d.svg"> consectetur adipiscing elit. Vivamus iaculis eleifend ligula non blandit. <img class="twemoji" draggable="false" alt="🇮🇸" src="/twemoji/1f1ee-1f1f8.svg"> Quisque ac ultrices elit. In iaculis mollis sagittis. <img class="twemoji" draggable="false" alt="👨🏽‍🍼" src="/twemoji/1f468-1f3fd-200d-1f37c.svg">Mauris a sapien blandit tortor porttitor scelerisque. <img class="twemoji" draggable="false" alt="🏳️‍🌈" src="/twemoji/1f3f3-fe0f-200d-1f308.svg"> Donec molestie sapien orci, quis rutrum ante semper in. <img class="twemoji" draggable="false" alt="👩‍🚀" src="/twemoji/1f469-200d-1f680.svg"> Morbi bibendum elit vitae eros varius, sit amet tempus risus gravida. <img class="twemoji" draggable="false" alt="❤️‍🔥" src="/twemoji/2764-fe0f-200d-1f525.svg"> Phasellus non convallis nisi, non porta eros. Nullam suscipit vel erat non eleifend.</p>